<html>
<body>
<pre>
<h1>礦ision Build Log</h1>
<h2>Project:</h2>
D:\1.Work\模块电路\电阻屏驱动模块\电阻屏驱动模块附送资料\电阻屏测试代码STM32F103C8T6\USER\MiniBalance.uvproj
Project File Date:  12/13/2017

<h2>Output:</h2>
Build target 'MiniBalance'
linking...
Program Size: Code=13012 RO-data=2928 RW-data=88 ZI-data=2656  
FromELF: creating hex file...
"..\OBJ\MiniBalance.axf" - 0 Error(s), 0 Warning(s).
</pre>
</body>
</html>
m32f10x_adc.c...
compiling stm32f10x_bkp.c...
compiling stm32f10x_can.c...
compiling stm32f10x_cec.c...
compiling stm32f10x_crc.c...
compiling stm32f10x_dac.c...
compiling stm32f10x_dbgmcu.c...
compiling stm32f10x_dma.c...
compiling stm32f10x_exti.c...
compiling stm32f10x_flash.c...
compiling stm32f10x_fsmc.c...
compiling stm32f10x_gpio.c...
compiling stm32f10x_i2c.c...
compiling stm32f10x_iwdg.c...
compiling stm32f10x_pwr.c...
compiling stm32f10x_rcc.c...
compiling stm32f10x_rtc.c...
compiling stm32f10x_sdio.c...
compiling stm32f10x_spi.c...
compiling stm32f10x_tim.c...
compiling stm32f10x_usart.c...
compiling stm32f10x_wwdg.c...
compiling delay.c...
compiling sys.c...
compiling usart.c...
compiling LED.C...
compiling key.c...
compiling oled.c...
compiling adc.c...
compiling timer.c...
compiling motor.c...
compiling control.c...
linking...
Program Size: Code=13012 RO-data=2928 RW-data=88 ZI-data=2656  
FromELF: creating hex file...
"..\OBJ\MiniBalance.axf" - 0 Error(s), 0 Warning(s).
                                                                          OLED_ShowNumber(15,30, Balance_Kp,3,12);  //PS2的数据
..\MiniBalance\show\show.c(34): error:  #20: identifier "Balance_Kd" is undefined
                                                                                                        OLED_ShowNumber(75,30, Balance_Kd,3,12);
..\MiniBalance\show\show.c(37): error:  #20: identifier "Zero_X" is undefined
                  if( Zero_X<0)         OLED_ShowString(30,40,"-"),
..\MiniBalance\show\show.c(48): error:  #20: identifier "Zero_Y" is undefined
      if( Zero_Y<0)               OLED_ShowString(30,50,"-"),
..\MiniBalance\show\show.c(69): warning:  #223-D: function "DataScope_Get_Channel_Data" declared implicitly
                DataScope_Get_Channel_Data(Position_X, 1 );   //显示角度 单位：度（°）
..\MiniBalance\show\show.c(79): warning:  #223-D: function "DataScope_Data_Generate" declared implicitly
                Send_Count = DataScope_Data_Generate(2);
..\MiniBalance\show\show.c(83): error:  #20: identifier "DataScope_OutPut_Buffer" is undefined
                USART1->DR = DataScope_OutPut_Buffer[i]; 
..\MiniBalance\show\show.c: 2 warnings, 11 errors
"..\OBJ\MiniBalance.axf" - 12 Error(s), 2 Warning(s).
Target not created
).
Target not created
